--------------------------------------------------------------------------------------
Timing Analyzer Summary
--------------------------------------------------------------------------------------

Type           : Worst-case tsu
Slack          : N/A
Required Time  : None
Actual Time    : 14.800 ns
From           : we
To             : lpm_ram_io:inst|altram:sram|q[0]~reg_we0
From Clock     : --
To Clock       : clk_cdu
Failed Paths   : 0

Type           : Worst-case tco
Slack          : N/A
Required Time  : None
Actual Time    : 35.100 ns
From           : lpm_ram_io:inst|altram:sram|q[7]~reg_wa7
To             : d[7]
From Clock     : clk_cdu
To Clock       : --
Failed Paths   : 0

Type           : Worst-case tpd
Slack          : N/A
Required Time  : None
Actual Time    : 22.900 ns
From           : d[0]
To             : d[0]
From Clock     : --
To Clock       : --
Failed Paths   : 0

Type           : Worst-case th
Slack          : N/A
Required Time  : None
Actual Time    : 1.000 ns
From           : ldar
To             : sw_pc_ar:inst1|ar[4]
From Clock     : --
To Clock       : clk_cdu
Failed Paths   : 0

Type           : Clock Setup: 'clk_cdu'
Slack          : N/A
Required Time  : None
Actual Time    : 68.97 MHz ( period = 14.500 ns )
From           : sw_pc_ar:inst1|lpm_counter:pc_rtl_0|alt_counter_f10ke:wysi_counter|counter_cell[1]
To             : sw_pc_ar:inst1|lpm_counter:pc_rtl_0|alt_counter_f10ke:wysi_counter|counter_cell[1]
From Clock     : clk_cdu
To Clock       : clk_cdu
Failed Paths   : 0

Type           : Total number of failed paths
Slack          : 
Required Time  : 
Actual Time    : 
From           : 
To             : 
From Clock     : 
To Clock       : 
Failed Paths   : 0

--------------------------------------------------------------------------------------

