--------------------------------------------------------------------------------------
Timing Analyzer Summary
--------------------------------------------------------------------------------------

Type           : Worst-case tsu
Slack          : N/A
Required Time  : None
Actual Time    : 11.600 ns
From           : d[0]
To             : lpm_counter:pc_rtl_0|alt_counter_f10ke:wysi_counter|counter_cell[0]
From Clock     : --
To Clock       : Clk_cdu
Failed Paths   : 0

Type           : Worst-case tco
Slack          : N/A
Required Time  : None
Actual Time    : 20.800 ns
From           : lpm_counter:pc_rtl_0|alt_counter_f10ke:wysi_counter|counter_cell[0]
To             : d[0]
From Clock     : Clk_cdu
To Clock       : --
Failed Paths   : 0

Type           : Worst-case tpd
Slack          : N/A
Required Time  : None
Actual Time    : 18.000 ns
From           : d[0]
To             : d[0]
From Clock     : --
To Clock       : --
Failed Paths   : 0

Type           : Worst-case th
Slack          : N/A
Required Time  : None
Actual Time    : 1.000 ns
From           : ldar
To             : ar[7]
From Clock     : --
To Clock       : Clk_cdu
Failed Paths   : 0

Type           : Clock Setup: 'Clk_cdu'
Slack          : N/A
Required Time  : None
Actual Time    : 69.44 MHz ( period = 14.400 ns )
From           : lpm_counter:pc_rtl_0|alt_counter_f10ke:wysi_counter|counter_cell[7]
To             : lpm_counter:pc_rtl_0|alt_counter_f10ke:wysi_counter|counter_cell[7]
From Clock     : Clk_cdu
To Clock       : Clk_cdu
Failed Paths   : 0

Type           : Total number of failed paths
Slack          : 
Required Time  : 
Actual Time    : 
From           : 
To             : 
From Clock     : 
To Clock       : 
Failed Paths   : 0

--------------------------------------------------------------------------------------

